// Jest Snapshot v1, https://goo.gl/fbAQLP

exports[`renders correctly 1`] = `
<div
  className="container relative h-screen pt-20 sm:pt-32"
>
  <div
    className="mb-5"
  >
    <h2
      className="text-center text-black font-black text-3xl"
    >
      YOUR FAVOURITE HOUSES
    </h2>
    <p
      className="text-center text-gray-500 font-semibold text-1xl"
    >
      Please select a house model
    </p>
  </div>
  <div
    className="flex gap-7 overflow-hidden w-72 sm:max-w-screen-lg mx-auto sm:w-4/5"
  >
    <div
      className="flex gap-7 w-full"
    />
    <button
      className="bg-lime-400 slider-buttons rounded-tl-3xl rounded-bl-3xl absolute right-0 top-1/3 flex items-center pl-2 sm:pl-4 w-9 h-6 sm:w-20 sm:h-11"
      onClick={[Function]}
      type="button"
    >
      <svg
        className="text-white brightness-50 opacity-15"
        fill="currentColor"
        height="1em"
        stroke="currentColor"
        strokeWidth="0"
        style={
          Object {
            "color": undefined,
          }
        }
        viewBox="0 0 16 16"
        width="1em"
        xmlns="http://www.w3.org/2000/svg"
      >
        <path
          d="M5.56 14L5 13.587V2.393L5.54 2 11 7.627v.827L5.56 14z"
        />
      </svg>
    </button>
    <button
      className="bg-slate-300 slider-buttons justify-end flex items-center rounded-br-3xl rounded-tr-2xl absolute top-1/3 pr-2 sm:pr-4 w-9 h-6 left-0 sm:w-20 sm:h-11"
      onClick={[Function]}
      type="button"
    >
      <svg
        className="brightness-50 opacity-15 text-white "
        fill="currentColor"
        height="1em"
        stroke="currentColor"
        strokeWidth="0"
        style={
          Object {
            "color": undefined,
          }
        }
        viewBox="0 0 16 16"
        width="1em"
        xmlns="http://www.w3.org/2000/svg"
      >
        <path
          d="M10.44 2l.56.413v11.194l-.54.393L5 8.373v-.827L10.44 2z"
        />
      </svg>
    </button>
  </div>
</div>
`;
